- execute:
    test_rand.aleo/rand_chacha_with_literals:
      outputs: []
      finalize:
      - 0scalar
      - 0group
      - 0u8
      - 2i16
      - 4u32
      - 7i64
      - 8u128
      - 10field
    credits.aleo/fee:
      outputs:
      - '{"type":"record","id":"5865068608011418422224730089943255935039885360767033482275064406660086318188field","checksum":"8400348966800217039000824247188431750176049151601750346245538966386787937430field","value":"record1qyqsq8pz8r6zxnt7ww90fqgd49p9cfk0cf4eyt0dqupx82xd0l4t3kgrqyxx66trwfhkxun9v35hguerqqpqzq888a6mpm5zg69zrym5gudpadqqk3yfqdytnzu92x850erspzmhp2pz74qg8actaw3pqpj5pjh5z3n25nxfsy50k0m6hq0jvr7z0ftsj7gta0u"}'
      finalize: []
  speculate: the execution was accepted
  add_next_block: succeeded.
- execute:
    test_rand.aleo/rand_chacha_with_struct:
      outputs: []
      finalize:
      - |-
        {
          first: 0field,
          second: 0field,
          third: 0field,
          fourth: 0field,
          fifth: 0field
        }
    credits.aleo/fee:
      outputs:
      - '{"type":"record","id":"2293251090459887378210035899140530750798786499127472787362677257453095812893field","checksum":"7061011202293438949112945145198563560210541895235470633931544643605320316026field","value":"record1qyqsqm608z05c93fzttldfjvqx4atpssxjf3cdxxk7vp05j20nxs5fqtqyxx66trwfhkxun9v35hguerqqpqzqzp59vuv9j5k2d2flwavsz97wpq5h7hqwluwqgl4csup47t3g4sp229u7eyzh83z09ukunr0hp6xndrdc5e53xcpdzrxfhaalqfqg3sqwk32dw"}'
      finalize: []
  speculate: the execution was accepted
  add_next_block: succeeded.
- execute:
    test_rand.aleo/rand_chacha_check:
      outputs: []
      finalize:
      - 0field
      - 'false'
    credits.aleo/fee:
      outputs:
      - '{"type":"record","id":"5216707314162666819658864166080212229069833984785523754508327005403425230470field","checksum":"3965820071902907720805562745631564911263659226136970268433202181759029154540field","value":"record1qyqsq7hwqhhqzt4fxak4gzpug973s7aaalqelkdu8zhpc9n6cccvtqs8qyxx66trwfhkxun9v35hguerqqpqzqpsg3avztzaz08y60yh7dnyw89m6rfqky8pk7g9w2fz5vhtpca0q35phy06vml4nfxr5zf4007mhcnuxn3mlcllnjuts5yftmx9jh0ssh60v83"}'
      finalize: []
  speculate: the execution was accepted
  add_next_block: succeeded.
- execute:
    test_rand.aleo/rand_chacha_check:
      outputs: []
      finalize:
      - 1field
      - 'true'
    credits.aleo/fee:
      outputs:
      - '{"type":"record","id":"7641163446557867747168745630825878755263152802153347768342157855416636029463field","checksum":"4961376082638078312618884917735244450752671055344688672716389709119261721174field","value":"record1qyqsqu86kvyj3ea49ymqn28z7ehkcpmht26e8qzc2d5cp87hrphnfzcvqyxx66trwfhkxun9v35hguerqqpqzq8nzdyqdcmchrwp3qthkt7y4690kwv73p60azr7pvlexk9g6reszpupkq8zm0askjnj8vw4s5k9rtsfch9h0u4mc5rv979vgkj2sn0svw0e9y4"}'
      finalize: []
  speculate: the execution was accepted
  add_next_block: succeeded.
