- execute:
    unused_position.aleo/foo:
      outputs: []
      finalize: []
    credits.aleo/fee:
      outputs:
      - '{"type":"record","id":"2261233392902243988997539264723290500205508662383263270446840785924684254191field","checksum":"5695777994777952487909244469971922183766254812169037640411689353647239503517field","value":"record1qyqsq9jtjxwleyp4wwzc3xfghucfy4whxwr3ftkrssyeaftwzfvyzrg9qyxx66trwfhkxun9v35hguerqqpqzqr3wrwfuwys43tjqph9r65rj3nswa4uwljfrjy49tfgzljatwzwqmqez49x9lz30gxa7mqy2hzf6hwrp4rhr8yxmw3n7rju7sjfwd4q6cnvlmr"}'
      finalize: []
  speculate: the execution was accepted
  add_next_block: succeeded.
